client/src/components/cognitive/CognitiveField.tsx(39,61): error TS2322: Type '"warning" | "info" | "error"' is not assignable to type '"warning" | "info" | "success"'.
  Type '"error"' is not assignable to type '"warning" | "info" | "success"'.
client/src/components/operations/NeuralMaintenanceForecast.tsx(12,13): error TS2339: Property 'inventory' does not exist on type 'TensorState'.
client/src/components/production/VisionCounter.tsx(18,25): error TS2554: Expected 1 arguments, but got 0.
client/src/components/tutorial/NexusGuide.tsx(77,81): error TS2339: Property 'name' does not exist on type 'User'.
client/src/hooks/useSupabaseRealtime.ts(11,57): error TS2344: Type 'T' does not satisfy the constraint '{ [key: string]: any; }'.
client/src/hooks/useSupabaseRealtime.ts(12,57): error TS2344: Type 'T' does not satisfy the constraint '{ [key: string]: any; }'.
client/src/hooks/useSupabaseRealtime.ts(13,57): error TS2344: Type 'T' does not satisfy the constraint '{ [key: string]: any; }'.
client/src/hooks/useSupabaseRealtime.ts(59,71): error TS2339: Property 'organizationId' does not exist on type 'User'.
client/src/hooks/useSupabaseRealtime.ts(72,76): error TS2344: Type 'T' does not satisfy the constraint '{ [key: string]: any; }'.
client/src/hooks/useSupabaseRealtime.ts(92,76): error TS2344: Type 'T' does not satisfy the constraint '{ [key: string]: any; }'.
client/src/hooks/useSupabaseRealtime.ts(111,76): error TS2344: Type 'T' does not satisfy the constraint '{ [key: string]: any; }'.
client/src/pages/Dashboard.tsx(48,98): error TS2345: Argument of type 'string' is not assignable to parameter of type 'IndustryType | undefined'.
client/src/pages/Dashboard.tsx(70,56): error TS2345: Argument of type 'string' is not assignable to parameter of type 'IndustryType | undefined'.
client/src/pages/finance/BankAccounts.tsx(183,32): error TS7006: Parameter 'data' implicitly has an 'any' type.
client/src/pages/finance/BankAccounts.tsx(218,8): error TS2554: Expected 0-1 arguments, but got 2.
client/src/pages/finance/BankAccounts.tsx(231,8): error TS2554: Expected 0-1 arguments, but got 2.
client/src/pages/KioskInterface.tsx(66,43): error TS2503: Cannot find namespace 'JSX'.
client/src/pages/Production.tsx(962,38): error TS2353: Object literal may only specify known properties, and 'accessorKey' does not exist in type 'Column<Ticket>'.
client/src/pages/Production.tsx(963,38): error TS2353: Object literal may only specify known properties, and 'accessorKey' does not exist in type 'Column<Ticket>'.
client/src/pages/Production.tsx(966,21): error TS2353: Object literal may only specify known properties, and 'accessorKey' does not exist in type 'Column<Ticket>'.
client/src/pages/Production.tsx(972,41): error TS2353: Object literal may only specify known properties, and 'accessorKey' does not exist in type 'Column<Ticket>'.
client/src/pages/Production.tsx(973,41): error TS2353: Object literal may only specify known properties, and 'accessorKey' does not exist in type 'Column<Ticket>'.
client/src/pages/Production.tsx(974,38): error TS2353: Object literal may only specify known properties, and 'accessorKey' does not exist in type 'Column<Ticket>'.
client/src/pages/Production.tsx(975,39): error TS2353: Object literal may only specify known properties, and 'accessorKey' does not exist in type 'Column<Ticket>'.
client/src/pages/Production.tsx(977,41): error TS2353: Object literal may only specify known properties, and 'id' does not exist in type 'Column<Ticket>'.
client/src/pages/Production.tsx(1079,41): error TS2339: Property 'destopado' does not exist on type '{ totalPieces: any; mainOutputQty: any; }'.
client/src/pages/Production.tsx(1079,129): error TS2339: Property 'destopado' does not exist on type '{ totalPieces: any; mainOutputQty: any; }'.
client/src/pages/Production.tsx(1083,41): error TS2339: Property 'deshuesado' does not exist on type '{ totalPieces: any; mainOutputQty: any; }'.
client/src/pages/Production.tsx(1083,122): error TS2339: Property 'deshuesado' does not exist on type '{ totalPieces: any; mainOutputQty: any; }'.
client/src/pages/Production.tsx(1083,141): error TS2339: Property 'destopado' does not exist on type '{ totalPieces: any; mainOutputQty: any; }'.
client/src/pages/Production.tsx(1083,196): error TS2339: Property 'deshuesado' does not exist on type '{ totalPieces: any; mainOutputQty: any; }'.
client/src/pages/Production.tsx(1087,41): error TS2339: Property 'pelado' does not exist on type '{ totalPieces: any; mainOutputQty: any; }'.
client/src/pages/Production.tsx(1087,130): error TS2339: Property 'pelado' does not exist on type '{ totalPieces: any; mainOutputQty: any; }'.
client/src/pages/Production.tsx(1090,22): error TS2339: Property 'destopado' does not exist on type '{ totalPieces: any; mainOutputQty: any; }'.
client/src/pages/Production.tsx(1090,40): error TS2339: Property 'deshuesado' does not exist on type '{ totalPieces: any; mainOutputQty: any; }'.
client/src/pages/Production.tsx(1093,49): error TS2339: Property 'destopado' does not exist on type '{ totalPieces: any; mainOutputQty: any; }'.
client/src/pages/Production.tsx(1093,67): error TS2339: Property 'deshuesado' does not exist on type '{ totalPieces: any; mainOutputQty: any; }'.
client/src/pages/Purchases.tsx(173,28): error TS2322: Type '"outline" | "success"' is not assignable to type '"default" | "outline" | "destructive" | "secondary" | null | undefined'.
  Type '"success"' is not assignable to type '"default" | "outline" | "destructive" | "secondary" | null | undefined'.
client/src/pages/Purchases.tsx(204,53): error TS2339: Property 'id' does not exist on type 'string'.
client/src/pages/Reports.tsx(22,41): error TS2307: Cannot find module '@/components/ui/date-range-picker' or its corresponding type declarations.
client/src/pages/TimeClock.tsx(278,18): error TS18046: 'recentRecords' is of type 'unknown'.
client/src/pages/TimeClock.tsx(318,16): error TS18046: 'availableProcesses' is of type 'unknown'.
client/src/pages/TimeClock.tsx(331,16): error TS18046: 'availableProcesses' is of type 'unknown'.
server/lib/cognitive-engine.ts(113,37): error TS2769: No overload matches this call.
  Overload 1 of 2, '(value: { title: string | SQL<unknown> | Placeholder<string, any>; organizationId: string | SQL<unknown> | Placeholder<string, any>; type: string | SQL<unknown> | Placeholder<...>; ... 5 more ...; acknowledged?: boolean | ... 2 more ... | undefined; }): PgInsertBase<...>', gave the following error.
    Object literal may only specify known properties, and 'impact' does not exist in type '{ title: string | SQL<unknown> | Placeholder<string, any>; organizationId: string | SQL<unknown> | Placeholder<string, any>; type: string | SQL<unknown> | Placeholder<...>; ... 5 more ...; acknowledged?: boolean | ... 2 more ... | undefined; }'.
  Overload 2 of 2, '(values: { title: string | SQL<unknown> | Placeholder<string, any>; organizationId: string | SQL<unknown> | Placeholder<string, any>; type: string | SQL<unknown> | Placeholder<...>; ... 5 more ...; acknowledged?: boolean | ... 2 more ... | undefined; }[]): PgInsertBase<...>', gave the following error.
    Object literal may only specify known properties, and 'organizationId' does not exist in type '{ title: string | SQL<unknown> | Placeholder<string, any>; organizationId: string | SQL<unknown> | Placeholder<string, any>; type: string | SQL<unknown> | Placeholder<...>; ... 5 more ...; acknowledged?: boolean | ... 2 more ... | undefined; }[]'.
server/routes/analytics.ts(60,79): error TS2339: Property 'currentStock' does not exist on type 'PgTableWithColumns<{ name: "products"; schema: undefined; columns: { id: PgColumn<{ name: "id"; tableName: "products"; dataType: "string"; columnType: "PgVarchar"; data: string; driverParam: string; notNull: true; hasDefault: true; ... 6 more ...; generated: undefined; }, {}, { ...; }>; ... 11 more ...; createdAt: P...'.
server/routes/analytics.ts(60,106): error TS2551: Property 'minimumStock' does not exist on type 'PgTableWithColumns<{ name: "products"; schema: undefined; columns: { id: PgColumn<{ name: "id"; tableName: "products"; dataType: "string"; columnType: "PgVarchar"; data: string; driverParam: string; notNull: true; hasDefault: true; ... 6 more ...; generated: undefined; }, {}, { ...; }>; ... 11 more ...; createdAt: P...'. Did you mean 'minStock'?
server/routes/analytics.ts(290,66): error TS2339: Property 'length' does not exist on type 'never'.
server/routes/analytics.ts(291,41): error TS2339: Property 'reduce' does not exist on type 'never'.
server/routes/analytics.ts(291,49): error TS7006: Parameter 'acc' implicitly has an 'any' type.
server/routes/analytics.ts(291,54): error TS7006: Parameter 's' implicitly has an 'any' type.
server/routes/analytics.ts(291,112): error TS2339: Property 'length' does not exist on type 'never'.
server/routes/business-documents.ts(111,17): error TS2322: Type 'SQL<unknown> | undefined' is not assignable to type 'SQL<unknown>'.
  Type 'undefined' is not assignable to type 'SQL<unknown>'.
server/routes/business-documents.ts(114,17): error TS2322: Type 'SQL<unknown> | undefined' is not assignable to type 'SQL<unknown>'.
  Type 'undefined' is not assignable to type 'SQL<unknown>'.
server/routes/crm.ts(20,21): error TS2322: Type 'Response<any, Record<string, any>, number>' is not assignable to type 'void'.
server/routes/crm.ts(39,21): error TS2322: Type 'Response<any, Record<string, any>, number>' is not assignable to type 'void'.
server/routes/crm.ts(42,30): error TS2322: Type 'Response<any, Record<string, any>, number>' is not assignable to type 'void'.
server/routes/crm.ts(62,21): error TS2322: Type 'Response<any, Record<string, any>, number>' is not assignable to type 'void'.
server/routes/crm.ts(81,21): error TS2322: Type 'Response<any, Record<string, any>, number>' is not assignable to type 'void'.
server/routes/crm.ts(84,30): error TS2322: Type 'Response<any, Record<string, any>, number>' is not assignable to type 'void'.
server/routes/crm.ts(104,21): error TS2322: Type 'Response<any, Record<string, any>, number>' is not assignable to type 'void'.
server/routes/crm.ts(158,21): error TS2322: Type 'Response<any, Record<string, any>, number>' is not assignable to type 'void'.
server/routes/documentation.ts(32,30): error TS2322: Type 'Response<any, Record<string, any>>' is not assignable to type 'void'.
server/routes/documentation.ts(36,33): error TS2322: Type 'Response<any, Record<string, any>>' is not assignable to type 'void'.
server/routes/documentation.ts(39,34): error TS2322: Type 'Response<any, Record<string, any>>' is not assignable to type 'void'.
server/routes/documentation.ts(66,30): error TS2322: Type 'Response<any, Record<string, any>>' is not assignable to type 'void'.
server/routes/documentation.ts(70,33): error TS2322: Type 'Response<any, Record<string, any>>' is not assignable to type 'void'.
server/routes/documentation.ts(73,34): error TS2322: Type 'Response<any, Record<string, any>>' is not assignable to type 'void'.
server/routes/documentation.ts(81,17): error TS2322: Type 'Response<any, Record<string, any>>' is not assignable to type 'void'.
server/routes/documentation.ts(101,30): error TS2322: Type 'Response<any, Record<string, any>>' is not assignable to type 'void'.
server/routes/documentation.ts(105,33): error TS2322: Type 'Response<any, Record<string, any>>' is not assignable to type 'void'.
server/routes/documentation.ts(108,34): error TS2322: Type 'Response<any, Record<string, any>>' is not assignable to type 'void'.
server/routes/documentation.ts(114,17): error TS2322: Type 'Response<any, Record<string, any>>' is not assignable to type 'void'.
server/routes/documentation.ts(140,30): error TS2322: Type 'Response<any, Record<string, any>>' is not assignable to type 'void'.
server/routes/documentation.ts(144,33): error TS2322: Type 'Response<any, Record<string, any>>' is not assignable to type 'void'.
server/routes/documentation.ts(147,34): error TS2322: Type 'Response<any, Record<string, any>>' is not assignable to type 'void'.
server/routes/documentation.ts(170,30): error TS2322: Type 'Response<any, Record<string, any>>' is not assignable to type 'void'.
server/routes/documentation.ts(174,33): error TS2322: Type 'Response<any, Record<string, any>>' is not assignable to type 'void'.
server/routes/documentation.ts(177,34): error TS2322: Type 'Response<any, Record<string, any>>' is not assignable to type 'void'.
server/routes/documentation.ts(183,17): error TS2322: Type 'Response<any, Record<string, any>>' is not assignable to type 'void'.
server/routes/documentation.ts(189,17): error TS2322: Type 'Response<any, Record<string, any>>' is not assignable to type 'void'.
server/routes/documentation.ts(221,30): error TS2322: Type 'Response<any, Record<string, any>>' is not assignable to type 'void'.
server/routes/documentation.ts(225,33): error TS2322: Type 'Response<any, Record<string, any>>' is not assignable to type 'void'.
server/routes/documentation.ts(228,34): error TS2322: Type 'Response<any, Record<string, any>>' is not assignable to type 'void'.
server/routes/documentation.ts(234,17): error TS2322: Type 'Response<any, Record<string, any>>' is not assignable to type 'void'.
server/routes/documentation.ts(259,30): error TS2322: Type 'Response<any, Record<string, any>>' is not assignable to type 'void'.
server/routes/documentation.ts(263,33): error TS2322: Type 'Response<any, Record<string, any>>' is not assignable to type 'void'.
server/routes/documentation.ts(266,34): error TS2322: Type 'Response<any, Record<string, any>>' is not assignable to type 'void'.
server/routes/documentation.ts(272,17): error TS2322: Type 'Response<any, Record<string, any>>' is not assignable to type 'void'.
server/routes/driver-tracking.ts(53,21): error TS1117: An object literal cannot have multiple properties with the same name.
server/routes/finance.ts(277,21): error TS2322: Type 'Response<any, Record<string, any>, number>' is not assignable to type 'void'.
server/routes/finance.ts(370,21): error TS2322: Type 'Response<any, Record<string, any>, number>' is not assignable to type 'void'.
server/routes/finance.ts(375,13): error TS2322: Type 'Response<any, Record<string, any>, number>' is not assignable to type 'void'.
server/routes/finance.ts(379,28): error TS2322: Type 'Response<any, Record<string, any>, number>' is not assignable to type 'void'.
server/routes/finance.ts(410,21): error TS2322: Type 'Response<any, Record<string, any>, number>' is not assignable to type 'void'.
server/routes/finance.ts(413,51): error TS2769: No overload matches this call.
  Overload 1 of 2, '(value: { organizationId: string | SQL<unknown> | Placeholder<string, any>; category: string | SQL<unknown> | Placeholder<string, any>; amount: number | SQL<...> | Placeholder<...>; ... 5 more ...; spent?: number | ... 3 more ... | undefined; }): PgInsertBase<...>', gave the following error.
    Object literal may only specify known properties, and 'amountLimit' does not exist in type '{ organizationId: string | SQL<unknown> | Placeholder<string, any>; category: string | SQL<unknown> | Placeholder<string, any>; amount: number | SQL<unknown> | Placeholder<...>; ... 5 more ...; spent?: number | ... 3 more ... | undefined; }'.
  Overload 2 of 2, '(values: { organizationId: string | SQL<unknown> | Placeholder<string, any>; category: string | SQL<unknown> | Placeholder<string, any>; amount: number | SQL<...> | Placeholder<...>; ... 5 more ...; spent?: number | ... 3 more ... | undefined; }[]): PgInsertBase<...>', gave the following error.
    Object literal may only specify known properties, and 'organizationId' does not exist in type '{ organizationId: string | SQL<unknown> | Placeholder<string, any>; category: string | SQL<unknown> | Placeholder<string, any>; amount: number | SQL<unknown> | Placeholder<...>; ... 5 more ...; spent?: number | ... 3 more ... | undefined; }[]'.
server/routes/finance.ts(428,21): error TS2322: Type 'Response<any, Record<string, any>, number>' is not assignable to type 'void'.
server/routes/finance.ts(443,21): error TS2322: Type 'Response<any, Record<string, any>, number>' is not assignable to type 'void'.
server/routes/finance.ts(471,21): error TS2322: Type 'Response<any, Record<string, any>, number>' is not assignable to type 'void'.
server/routes/finance.ts(486,21): error TS2322: Type 'Response<any, Record<string, any>, number>' is not assignable to type 'void'.
server/routes/finance.ts(502,21): error TS2322: Type 'Response<any, Record<string, any>, number>' is not assignable to type 'void'.
server/routes/hr.ts(19,17): error TS2322: Type 'Response<any, Record<string, any>, number>' is not assignable to type 'void'.
server/routes/hr.ts(34,17): error TS2322: Type 'Response<any, Record<string, any>, number>' is not assignable to type 'void'.
server/routes/hr.ts(37,26): error TS2322: Type 'Response<any, Record<string, any>, number>' is not assignable to type 'void'.
server/routes/hr.ts(48,17): error TS2322: Type 'Response<any, Record<string, any>, number>' is not assignable to type 'void'.
server/routes/hr.ts(54,9): error TS2322: Type 'Response<any, Record<string, any>, number>' is not assignable to type 'void'.
server/routes/hr.ts(65,17): error TS2322: Type 'Response<any, Record<string, any>, number>' is not assignable to type 'void'.
server/routes/hr.ts(70,9): error TS2322: Type 'Response<any, Record<string, any>, number>' is not assignable to type 'void'.
server/routes/hr.ts(82,17): error TS2322: Type 'Response<any, Record<string, any>, number>' is not assignable to type 'void'.
server/routes/hr.ts(87,9): error TS2322: Type 'Response<any, Record<string, any>, number>' is not assignable to type 'void'.
server/routes/hr.ts(103,17): error TS2322: Type 'Response<any, Record<string, any>, number>' is not assignable to type 'void'.
server/routes/hr.ts(118,17): error TS2322: Type 'Response<any, Record<string, any>, number>' is not assignable to type 'void'.
server/routes/hr.ts(121,35): error TS2322: Type 'Response<any, Record<string, any>, number>' is not assignable to type 'void'.
server/routes/hr.ts(151,44): error TS2769: No overload matches this call.
  Overload 1 of 2, '(value: { organizationId: string | SQL<unknown> | Placeholder<string, any>; userId: string | SQL<unknown> | Placeholder<string, any>; id?: string | SQL<unknown> | Placeholder<...> | undefined; ... 4 more ...; achievements?: unknown; }): PgInsertBase<...>', gave the following error.
    Type '"admin" | "member" | "owner"' is not assignable to type '"user" | "admin" | SQL<unknown> | "manager" | "viewer" | "cashier" | Placeholder<string, any> | undefined'.
      Type '"member"' is not assignable to type '"user" | "admin" | SQL<unknown> | "manager" | "viewer" | "cashier" | Placeholder<string, any> | undefined'.
  Overload 2 of 2, '(values: { organizationId: string | SQL<unknown> | Placeholder<string, any>; userId: string | SQL<unknown> | Placeholder<string, any>; id?: string | SQL<unknown> | Placeholder<...> | undefined; ... 4 more ...; achievements?: unknown; }[]): PgInsertBase<...>', gave the following error.
    Object literal may only specify known properties, and 'userId' does not exist in type '{ organizationId: string | SQL<unknown> | Placeholder<string, any>; userId: string | SQL<unknown> | Placeholder<string, any>; id?: string | SQL<unknown> | Placeholder<...> | undefined; ... 4 more ...; achievements?: unknown; }[]'.
server/routes/hr.ts(191,21): error TS2322: Type 'Response<any, Record<string, any>, number>' is not assignable to type 'void'.
server/routes/hr.ts(196,15): error TS2461: Type 'any[] | QueryResult<never>' is not an array type.
server/routes/hr.ts(214,21): error TS2322: Type 'Response<any, Record<string, any>, number>' is not assignable to type 'void'.
server/routes/hr.ts(230,21): error TS2322: Type 'Response<any, Record<string, any>, number>' is not assignable to type 'void'.
server/routes/hr.ts(234,15): error TS2461: Type 'any[] | QueryResult<never>' is not an array type.
server/routes/hr.ts(253,21): error TS2322: Type 'Response<any, Record<string, any>, number>' is not assignable to type 'void'.
server/routes/hr.ts(270,21): error TS2322: Type 'Response<any, Record<string, any>, number>' is not assignable to type 'void'.
server/routes/inventory.ts(16,21): error TS2322: Type 'Response<any, Record<string, any>, number>' is not assignable to type 'void'.
server/routes/inventory.ts(58,21): error TS2322: Type 'Response<any, Record<string, any>, number>' is not assignable to type 'void'.
server/routes/inventory.ts(67,13): error TS2322: Type 'Response<any, Record<string, any>, number>' is not assignable to type 'void'.
server/routes/inventory.ts(85,21): error TS2322: Type 'Response<any, Record<string, any>, number>' is not assignable to type 'void'.
server/routes/inventory.ts(110,21): error TS2322: Type 'Response<any, Record<string, any>, number>' is not assignable to type 'void'.
server/routes/inventory.ts(134,21): error TS2322: Type 'Response<any, Record<string, any>, number>' is not assignable to type 'void'.
server/routes/inventory.ts(144,23): error TS2322: Type 'Response<any, Record<string, any>, number>' is not assignable to type 'void'.
server/routes/inventory.ts(157,36): error TS2339: Property 'user' does not exist on type 'Request<{ id: string; }, any, any, ParsedQs, Record<string, any>>'.
server/routes/inventory.ts(194,21): error TS2322: Type 'Response<any, Record<string, any>, number>' is not assignable to type 'void'.
server/routes/inventory.ts(203,23): error TS2322: Type 'Response<any, Record<string, any>, number>' is not assignable to type 'void'.
server/routes/kiosks.ts(21,21): error TS2322: Type 'Response<any, Record<string, any>, number>' is not assignable to type 'void'.
server/routes/kiosks.ts(45,23): error TS2322: Type 'Response<any, Record<string, any>, number>' is not assignable to type 'void'.
server/routes/kiosks.ts(48,34): error TS2322: Type 'Response<any, Record<string, any>, number>' is not assignable to type 'void'.
server/routes/kiosks.ts(68,24): error TS2322: Type 'Response<any, Record<string, any>, number>' is not assignable to type 'void'.
server/routes/kiosks.ts(71,34): error TS2322: Type 'Response<any, Record<string, any>, number>' is not assignable to type 'void'.
server/routes/kiosks.ts(91,21): error TS2322: Type 'Response<any, Record<string, any>, number>' is not assignable to type 'void'.
server/routes/kiosks.ts(99,58): error TS2769: No overload matches this call.
  Overload 1 of 2, '(value: { organizationId: string | SQL<unknown> | Placeholder<string, any>; name: string | SQL<unknown> | Placeholder<string, any>; id?: string | SQL<unknown> | Placeholder<...> | undefined; ... 14 more ...; lastLongitude?: number | ... 3 more ... | undefined; }): PgInsertBase<...>', gave the following error.
    Argument of type '{ organizationId: string; name: string; id?: string | undefined; location?: string | null | undefined; status?: string | undefined; createdAt?: Date | null | undefined; driverId?: string | ... 1 more ... | undefined; ... 10 more ...; lastLongitude?: number | ... 1 more ... | undefined; }' is not assignable to parameter of type '{ organizationId: string | SQL<unknown> | Placeholder<string, any>; name: string | SQL<unknown> | Placeholder<string, any>; id?: string | SQL<unknown> | Placeholder<...> | undefined; ... 14 more ...; lastLongitude?: number | ... 3 more ... | undefined; }'.
      Types of property 'capabilities' are incompatible.
        Type '{ [x: number]: string; length: number; toString: () => string; toLocaleString: { (): string; (locales: string | string[], options?: (NumberFormatOptions & DateTimeFormatOptions) | undefined): string; }; ... 37 more ...; readonly [Symbol.unscopables]: { ...; }; } | undefined' is not assignable to type 'string[] | SQL<unknown> | Placeholder<string, any> | undefined'.
          Type '{ [x: number]: string; length: number; toString: () => string; toLocaleString: { (): string; (locales: string | string[], options?: (NumberFormatOptions & DateTimeFormatOptions) | undefined): string; }; ... 37 more ...; readonly [Symbol.unscopables]: { ...; }; }' is not assignable to type 'string[] | SQL<unknown> | Placeholder<string, any> | undefined'.
            Type '{ [x: number]: string; length: number; toString: () => string; toLocaleString: { (): string; (locales: string | string[], options?: (NumberFormatOptions & DateTimeFormatOptions) | undefined): string; }; ... 37 more ...; readonly [Symbol.unscopables]: { ...; }; }' is not assignable to type 'string[]'.
              The types returned by 'pop()' are incompatible between these types.
                Type 'unknown' is not assignable to type 'string | undefined'.
  Overload 2 of 2, '(values: { organizationId: string | SQL<unknown> | Placeholder<string, any>; name: string | SQL<unknown> | Placeholder<string, any>; id?: string | SQL<unknown> | Placeholder<...> | undefined; ... 14 more ...; lastLongitude?: number | ... 3 more ... | undefined; }[]): PgInsertBase<...>', gave the following error.
    Argument of type '{ organizationId: string; name: string; id?: string | undefined; location?: string | null | undefined; status?: string | undefined; createdAt?: Date | null | undefined; driverId?: string | ... 1 more ... | undefined; ... 10 more ...; lastLongitude?: number | ... 1 more ... | undefined; }' is not assignable to parameter of type '{ organizationId: string | SQL<unknown> | Placeholder<string, any>; name: string | SQL<unknown> | Placeholder<string, any>; id?: string | SQL<unknown> | Placeholder<...> | undefined; ... 14 more ...; lastLongitude?: number | ... 3 more ... | undefined; }[]'.
      Type '{ organizationId: string; name: string; id?: string | undefined; location?: string | null | undefined; status?: string | undefined; createdAt?: Date | null | undefined; driverId?: string | ... 1 more ... | undefined; ... 10 more ...; lastLongitude?: number | ... 1 more ... | undefined; }' is missing the following properties from type '{ organizationId: string | SQL<unknown> | Placeholder<string, any>; name: string | SQL<unknown> | Placeholder<string, any>; id?: string | SQL<unknown> | Placeholder<...> | undefined; ... 14 more ...; lastLongitude?: number | ... 3 more ... | undefined; }[]': length, pop, push, concat, and 35 more.
server/routes/kiosks.ts(111,21): error TS2322: Type 'Response<any, Record<string, any>, number>' is not assignable to type 'void'.
server/routes/kiosks.ts(137,34): error TS2322: Type 'Response<any, Record<string, any>, number>' is not assignable to type 'void'.
server/routes/kiosks.ts(148,13): error TS2322: Type 'Response<any, Record<string, any>, number>' is not assignable to type 'void'.
server/routes/kiosks.ts(184,13): error TS2322: Type 'Response<any, Record<string, any>, number>' is not assignable to type 'void'.
server/routes/kiosks.ts(190,13): error TS2322: Type 'Response<any, Record<string, any>, number>' is not assignable to type 'void'.
server/routes/kiosks.ts(202,58): error TS2769: No overload matches this call.
  Overload 1 of 2, '(value: { organizationId: string | SQL<unknown> | Placeholder<string, any>; name: string | SQL<unknown> | Placeholder<string, any>; id?: string | SQL<unknown> | Placeholder<...> | undefined; ... 14 more ...; lastLongitude?: number | ... 3 more ... | undefined; }): PgInsertBase<...>', gave the following error.
    Argument of type '{ organizationId: string; name: string; id?: string | undefined; location?: string | null | undefined; status?: string | undefined; createdAt?: Date | null | undefined; driverId?: string | ... 1 more ... | undefined; ... 10 more ...; lastLongitude?: number | ... 1 more ... | undefined; }' is not assignable to parameter of type '{ organizationId: string | SQL<unknown> | Placeholder<string, any>; name: string | SQL<unknown> | Placeholder<string, any>; id?: string | SQL<unknown> | Placeholder<...> | undefined; ... 14 more ...; lastLongitude?: number | ... 3 more ... | undefined; }'.
      Types of property 'capabilities' are incompatible.
        Type '{ [x: number]: string; length: number; toString: () => string; toLocaleString: { (): string; (locales: string | string[], options?: (NumberFormatOptions & DateTimeFormatOptions) | undefined): string; }; ... 37 more ...; readonly [Symbol.unscopables]: { ...; }; } | undefined' is not assignable to type 'string[] | SQL<unknown> | Placeholder<string, any> | undefined'.
          Type '{ [x: number]: string; length: number; toString: () => string; toLocaleString: { (): string; (locales: string | string[], options?: (NumberFormatOptions & DateTimeFormatOptions) | undefined): string; }; ... 37 more ...; readonly [Symbol.unscopables]: { ...; }; }' is not assignable to type 'string[] | SQL<unknown> | Placeholder<string, any> | undefined'.
            Type '{ [x: number]: string; length: number; toString: () => string; toLocaleString: { (): string; (locales: string | string[], options?: (NumberFormatOptions & DateTimeFormatOptions) | undefined): string; }; ... 37 more ...; readonly [Symbol.unscopables]: { ...; }; }' is not assignable to type 'string[]'.
              The types returned by 'pop()' are incompatible between these types.
                Type 'unknown' is not assignable to type 'string | undefined'.
  Overload 2 of 2, '(values: { organizationId: string | SQL<unknown> | Placeholder<string, any>; name: string | SQL<unknown> | Placeholder<string, any>; id?: string | SQL<unknown> | Placeholder<...> | undefined; ... 14 more ...; lastLongitude?: number | ... 3 more ... | undefined; }[]): PgInsertBase<...>', gave the following error.
    Argument of type '{ organizationId: string; name: string; id?: string | undefined; location?: string | null | undefined; status?: string | undefined; createdAt?: Date | null | undefined; driverId?: string | ... 1 more ... | undefined; ... 10 more ...; lastLongitude?: number | ... 1 more ... | undefined; }' is not assignable to parameter of type '{ organizationId: string | SQL<unknown> | Placeholder<string, any>; name: string | SQL<unknown> | Placeholder<string, any>; id?: string | SQL<unknown> | Placeholder<...> | undefined; ... 14 more ...; lastLongitude?: number | ... 3 more ... | undefined; }[]'.
      Type '{ organizationId: string; name: string; id?: string | undefined; location?: string | null | undefined; status?: string | undefined; createdAt?: Date | null | undefined; driverId?: string | ... 1 more ... | undefined; ... 10 more ...; lastLongitude?: number | ... 1 more ... | undefined; }' is missing the following properties from type '{ organizationId: string | SQL<unknown> | Placeholder<string, any>; name: string | SQL<unknown> | Placeholder<string, any>; id?: string | SQL<unknown> | Placeholder<...> | undefined; ... 14 more ...; lastLongitude?: number | ... 3 more ... | undefined; }[]': length, pop, push, concat, and 35 more.
server/routes/kiosks.ts(266,21): error TS2322: Type 'Response<any, Record<string, any>, number>' is not assignable to type 'void'.
server/routes/kiosks.ts(281,23): error TS2322: Type 'Response<any, Record<string, any>, number>' is not assignable to type 'void'.
server/routes/kiosks.ts(302,13): error TS2322: Type 'Response<any, Record<string, any>, number>' is not assignable to type 'void'.
server/routes/kiosks.ts(315,13): error TS2322: Type 'Response<any, Record<string, any>, number>' is not assignable to type 'void'.
server/routes/kiosks.ts(368,13): error TS2322: Type 'Response<any, Record<string, any>, number>' is not assignable to type 'void'.
server/routes/kiosks.ts(374,13): error TS2322: Type 'Response<any, Record<string, any>, number>' is not assignable to type 'void'.
server/routes/kiosks.ts(379,24): error TS2322: Type 'Response<any, Record<string, any>, number>' is not assignable to type 'void'.
server/routes/kiosks.ts(384,13): error TS2322: Type 'Response<any, Record<string, any>, number>' is not assignable to type 'void'.
server/routes/kiosks.ts(407,26): error TS2322: Type 'Response<any, Record<string, any>, number>' is not assignable to type 'void'.
server/routes/kiosks.ts(411,24): error TS2322: Type 'Response<any, Record<string, any>, number>' is not assignable to type 'void'.
server/routes/kiosks.ts(490,21): error TS2322: Type 'Response<any, Record<string, any>, number>' is not assignable to type 'void'.
server/routes/kiosks.ts(528,34): error TS2322: Type 'Response<any, Record<string, any>, number>' is not assignable to type 'void'.
server/routes/kiosks.ts(533,27): error TS2322: Type 'Response<any, Record<string, any>, number>' is not assignable to type 'void'.
server/routes/kiosks.ts(534,46): error TS2322: Type 'Response<any, Record<string, any>, number>' is not assignable to type 'void'.
server/routes/kiosks.ts(535,49): error TS2322: Type 'Response<any, Record<string, any>, number>' is not assignable to type 'void'.
server/routes/kiosks.ts(543,53): error TS2769: No overload matches this call.
  Overload 1 of 2, '(value: { organizationId: string | SQL<unknown> | Placeholder<string, any>; name: string | SQL<unknown> | Placeholder<string, any>; id?: string | SQL<unknown> | Placeholder<...> | undefined; ... 14 more ...; lastLongitude?: number | ... 3 more ... | undefined; }): PgInsertBase<...>', gave the following error.
    Object literal may only specify known properties, and 'type' does not exist in type '{ organizationId: string | SQL<unknown> | Placeholder<string, any>; name: string | SQL<unknown> | Placeholder<string, any>; id?: string | SQL<unknown> | Placeholder<...> | undefined; ... 14 more ...; lastLongitude?: number | ... 3 more ... | undefined; }'.
  Overload 2 of 2, '(values: { organizationId: string | SQL<unknown> | Placeholder<string, any>; name: string | SQL<unknown> | Placeholder<string, any>; id?: string | SQL<unknown> | Placeholder<...> | undefined; ... 14 more ...; lastLongitude?: number | ... 3 more ... | undefined; }[]): PgInsertBase<...>', gave the following error.
    Object literal may only specify known properties, and 'organizationId' does not exist in type '{ organizationId: string | SQL<unknown> | Placeholder<string, any>; name: string | SQL<unknown> | Placeholder<string, any>; id?: string | SQL<unknown> | Placeholder<...> | undefined; ... 14 more ...; lastLongitude?: number | ... 3 more ... | undefined; }[]'.
server/routes/kiosks.ts(587,24): error TS2322: Type 'Response<any, Record<string, any>, number>' is not assignable to type 'void'.
server/routes/kiosks.ts(591,24): error TS2322: Type 'Response<any, Record<string, any>, number>' is not assignable to type 'void'.
server/routes/logistics.ts(18,21): error TS2322: Type 'Response<any, Record<string, any>, number>' is not assignable to type 'void'.
server/routes/logistics.ts(38,21): error TS2322: Type 'Response<any, Record<string, any>, number>' is not assignable to type 'void'.
server/routes/logistics.ts(42,13): error TS2322: Type 'Response<any, Record<string, any>, number>' is not assignable to type 'void'.
server/routes/logistics.ts(60,21): error TS2322: Type 'Response<any, Record<string, any>, number>' is not assignable to type 'void'.
server/routes/logistics.ts(66,23): error TS2322: Type 'Response<any, Record<string, any>, number>' is not assignable to type 'void'.
server/routes/logistics.ts(86,13): error TS2322: Type 'Response<any, Record<string, any>, number>' is not assignable to type 'void'.
server/routes/logistics.ts(90,30): error TS18047: 'vehicle.currentMileage' is possibly 'null'.
server/routes/logistics.ts(92,56): error TS2353: Object literal may only specify known properties, and 'updatedAt' does not exist in type '{ organizationId?: string | SQL<unknown> | PgColumn<ColumnBaseConfig<ColumnDataType, string>, {}, {}> | undefined; model?: string | SQL<...> | PgColumn<...> | undefined; ... 5 more ...; currentMileage?: number | ... 3 more ... | undefined; }'.
server/routes/logistics.ts(97,56): error TS2769: No overload matches this call.
  Overload 1 of 2, '(value: { organizationId: string | SQL<unknown> | Placeholder<string, any>; type: string | SQL<unknown> | Placeholder<string, any>; cost: number | SQL<unknown> | Placeholder<...>; ... 6 more ...; partsUsed?: unknown; }): PgInsertBase<...>', gave the following error.
    Object literal may only specify known properties, and 'provider' does not exist in type '{ organizationId: string | SQL<unknown> | Placeholder<string, any>; type: string | SQL<unknown> | Placeholder<string, any>; cost: number | SQL<unknown> | Placeholder<...>; ... 6 more ...; partsUsed?: unknown; }'.
  Overload 2 of 2, '(values: { organizationId: string | SQL<unknown> | Placeholder<string, any>; type: string | SQL<unknown> | Placeholder<string, any>; cost: number | SQL<unknown> | Placeholder<...>; ... 6 more ...; partsUsed?: unknown; }[]): PgInsertBase<...>', gave the following error.
    Object literal may only specify known properties, and 'vehicleId' does not exist in type '{ organizationId: string | SQL<unknown> | Placeholder<string, any>; type: string | SQL<unknown> | Placeholder<string, any>; cost: number | SQL<unknown> | Placeholder<...>; ... 6 more ...; partsUsed?: unknown; }[]'.
server/routes/logistics.ts(132,21): error TS2322: Type 'Response<any, Record<string, any>, number>' is not assignable to type 'void'.
server/routes/logistics.ts(154,21): error TS2322: Type 'Response<any, Record<string, any>, number>' is not assignable to type 'void'.
server/routes/logistics.ts(175,21): error TS2322: Type 'Response<any, Record<string, any>, number>' is not assignable to type 'void'.
server/routes/logistics.ts(179,23): error TS2322: Type 'Response<any, Record<string, any>, number>' is not assignable to type 'void'.
server/routes/logistics.ts(195,13): error TS2322: Type 'Response<any, Record<string, any>, number>' is not assignable to type 'void'.
server/routes/logistics.ts(198,28): error TS18047: 'vehicle.currentMileage' is possibly 'null'.
server/routes/logistics.ts(234,21): error TS2322: Type 'Response<any, Record<string, any>, number>' is not assignable to type 'void'.
server/routes/logistics.ts(262,21): error TS2322: Type 'Response<any, Record<string, any>, number>' is not assignable to type 'void'.
server/routes/logistics.ts(281,13): error TS2322: Type 'Response<any, Record<string, any>, number>' is not assignable to type 'void'.
server/routes/logistics.ts(334,21): error TS2322: Type 'Response<any, Record<string, any>, number>' is not assignable to type 'void'.
server/routes/logistics.ts(345,13): error TS2322: Type 'Response<any, Record<string, any>, number>' is not assignable to type 'void'.
server/routes/logistics.ts(363,21): error TS2322: Type 'Response<any, Record<string, any>, number>' is not assignable to type 'void'.
server/routes/logistics.ts(379,20): error TS2322: Type 'Response<any, Record<string, any>, number>' is not assignable to type 'void'.
server/routes/notifications.ts(76,58): error TS2339: Property 'processInstanceId' does not exist on type '{ data: unknown; id: string; instanceId: string; stepId: string | null; eventType: string; userId: string | null; timestamp: Date | null; }'.
server/routes/notifications.ts(81,66): error TS2339: Property 'currentStock' does not exist on type '{ id: string; organizationId: string; name: string; sku: string | null; category: string; productType: string; unit: string; price: number; cost: number; stock: number; minStock: number; isActive: boolean; createdAt: Date | null; }'.
server/routes/notifications.ts(81,86): error TS2551: Property 'minimumStock' does not exist on type '{ id: string; organizationId: string; name: string; sku: string | null; category: string; productType: string; unit: string; price: number; cost: number; stock: number; minStock: number; isActive: boolean; createdAt: Date | null; }'. Did you mean 'minStock'?
server/routes/notifications.ts(87,58): error TS2339: Property 'currentStock' does not exist on type '{ id: string; organizationId: string; name: string; sku: string | null; category: string; productType: string; unit: string; price: number; cost: number; stock: number; minStock: number; isActive: boolean; createdAt: Date | null; }'.
server/routes/notifications.ts(87,101): error TS2551: Property 'minimumStock' does not exist on type '{ id: string; organizationId: string; name: string; sku: string | null; category: string; productType: string; unit: string; price: number; cost: number; stock: number; minStock: number; isActive: boolean; createdAt: Date | null; }'. Did you mean 'minStock'?
server/routes/notifications.ts(88,33): error TS2339: Property 'updatedAt' does not exist on type '{ id: string; organizationId: string; name: string; sku: string | null; category: string; productType: string; unit: string; price: number; cost: number; stock: number; minStock: number; isActive: boolean; createdAt: Date | null; }'.
server/routes/operations.ts(25,21): error TS2322: Type 'Response<any, Record<string, any>, number>' is not assignable to type 'void'.
server/routes/operations.ts(64,21): error TS2322: Type 'Response<any, Record<string, any>, number>' is not assignable to type 'void'.
server/routes/operations.ts(88,21): error TS2322: Type 'Response<any, Record<string, any>, number>' is not assignable to type 'void'.
server/routes/operations.ts(105,21): error TS2322: Type 'Response<any, Record<string, any>, number>' is not assignable to type 'void'.
server/routes/operations.ts(109,13): error TS2322: Type 'Response<any, Record<string, any>, number>' is not assignable to type 'void'.
server/routes/operations.ts(143,21): error TS2322: Type 'Response<any, Record<string, any>, number>' is not assignable to type 'void'.
server/routes/piecework.ts(45,21): error TS2322: Type 'Response<any, Record<string, any>>' is not assignable to type 'void'.
server/routes/piecework.ts(87,21): error TS2322: Type 'Response<any, Record<string, any>>' is not assignable to type 'void'.
server/routes/piecework.ts(98,13): error TS2322: Type 'Response<any, Record<string, any>>' is not assignable to type 'void'.
server/routes/piecework.ts(117,21): error TS2322: Type 'Response<any, Record<string, any>>' is not assignable to type 'void'.
server/routes/piecework.ts(156,21): error TS2322: Type 'Response<any, Record<string, any>>' is not assignable to type 'void'.
server/routes/piecework.ts(159,30): error TS2322: Type 'Response<any, Record<string, any>>' is not assignable to type 'void'.
server/routes/piecework.ts(171,21): error TS2322: Type 'Response<any, Record<string, any>>' is not assignable to type 'void'.
server/routes/piecework.ts(193,21): error TS2322: Type 'Response<any, Record<string, any>>' is not assignable to type 'void'.
server/routes/piecework.ts(227,21): error TS2322: Type 'Response<any, Record<string, any>>' is not assignable to type 'void'.
server/routes/piecework.ts(241,13): error TS2322: Type 'Response<any, Record<string, any>>' is not assignable to type 'void'.
server/routes/piecework.ts(324,21): error TS2322: Type 'Response<any, Record<string, any>>' is not assignable to type 'void'.
server/routes/piecework.ts(334,22): error TS2322: Type 'Response<any, Record<string, any>>' is not assignable to type 'void'.
server/routes/piecework.ts(351,21): error TS2322: Type 'Response<any, Record<string, any>>' is not assignable to type 'void'.
server/routes/piecework.ts(413,21): error TS2322: Type 'Response<any, Record<string, any>>' is not assignable to type 'void'.
server/routes/piecework.ts(455,21): error TS2322: Type 'Response<any, Record<string, any>>' is not assignable to type 'void'.
server/routes/piecework.ts(460,13): error TS2322: Type 'Response<any, Record<string, any>>' is not assignable to type 'void'.
server/routes/piecework.ts(553,21): error TS2322: Type 'Response<any, Record<string, any>>' is not assignable to type 'void'.
server/routes/production-batches.ts(27,36): error TS2339: Property 'currentStock' does not exist on type 'PgTableWithColumns<{ name: "products"; schema: undefined; columns: { id: PgColumn<{ name: "id"; tableName: "products"; dataType: "string"; columnType: "PgVarchar"; data: string; driverParam: string; notNull: true; hasDefault: true; ... 6 more ...; generated: undefined; }, {}, { ...; }>; ... 11 more ...; createdAt: P...'.
server/routes/production-batches.ts(34,30): error TS2339: Property 'currentStock' does not exist on type 'PgTableWithColumns<{ name: "products"; schema: undefined; columns: { id: PgColumn<{ name: "id"; tableName: "products"; dataType: "string"; columnType: "PgVarchar"; data: string; driverParam: string; notNull: true; hasDefault: true; ... 6 more ...; generated: undefined; }, {}, { ...; }>; ... 11 more ...; createdAt: P...'.
server/routes/production.ts(19,21): error TS2322: Type 'Response<any, Record<string, any>, number>' is not assignable to type 'void'.
server/routes/production.ts(42,21): error TS2322: Type 'Response<any, Record<string, any>, number>' is not assignable to type 'void'.
server/routes/production.ts(91,21): error TS2322: Type 'Response<any, Record<string, any>, number>' is not assignable to type 'void'.
server/routes/production.ts(97,24): error TS2322: Type 'Response<any, Record<string, any>, number>' is not assignable to type 'void'.
server/routes/production.ts(100,23): error TS2322: Type 'Response<any, Record<string, any>, number>' is not assignable to type 'void'.
server/routes/production.ts(110,60): error TS2769: No overload matches this call.
  Overload 1 of 2, '(value: { organizationId: string | SQL<unknown> | Placeholder<string, any>; taskName: string | SQL<unknown> | Placeholder<string, any>; quantity: number | SQL<...> | Placeholder<...>; ... 12 more ...; destinationLocation?: string | ... 3 more ... | undefined; }): PgInsertBase<...>', gave the following error.
    Object literal may only specify known properties, and 'unit' does not exist in type '{ organizationId: string | SQL<unknown> | Placeholder<string, any>; taskName: string | SQL<unknown> | Placeholder<string, any>; quantity: number | SQL<...> | Placeholder<...>; ... 12 more ...; destinationLocation?: string | ... 3 more ... | undefined; }'.
  Overload 2 of 2, '(values: { organizationId: string | SQL<unknown> | Placeholder<string, any>; taskName: string | SQL<unknown> | Placeholder<string, any>; quantity: number | SQL<...> | Placeholder<...>; ... 12 more ...; destinationLocation?: string | ... 3 more ... | undefined; }[]): PgInsertBase<...>', gave the following error.
    Object literal may only specify known properties, and 'organizationId' does not exist in type '{ organizationId: string | SQL<unknown> | Placeholder<string, any>; taskName: string | SQL<unknown> | Placeholder<string, any>; quantity: number | SQL<...> | Placeholder<...>; ... 12 more ...; destinationLocation?: string | ... 3 more ... | undefined; }[]'.
server/routes/production.ts(139,21): error TS2322: Type 'Response<any, Record<string, any>, number>' is not assignable to type 'void'.
server/routes/production.ts(172,21): error TS2322: Type 'Response<any, Record<string, any>, number>' is not assignable to type 'void'.
server/routes/purchases.ts(18,21): error TS2322: Type 'Response<any, Record<string, any>, number>' is not assignable to type 'void'.
server/routes/purchases.ts(44,21): error TS2322: Type 'Response<any, Record<string, any>, number>' is not assignable to type 'void'.
server/routes/purchases.ts(49,13): error TS2322: Type 'Response<any, Record<string, any>, number>' is not assignable to type 'void'.
server/routes/purchases.ts(164,31): error TS2769: No overload matches this call.
  Overload 1 of 2, '(value: { organizationId: string | SQL<unknown> | Placeholder<string, any>; category: string | SQL<unknown> | Placeholder<string, any>; amount: number | SQL<...> | Placeholder<...>; id?: string | ... 2 more ... | undefined; date?: Date | ... 3 more ... | undefined; description?: string | ... 3 more ... | undefined; supplierId?: string | ... 3 more ... | undefined; }): PgInsertBase<...>', gave the following error.
    Object literal may only specify known properties, and 'type' does not exist in type '{ organizationId: string | SQL<unknown> | Placeholder<string, any>; category: string | SQL<unknown> | Placeholder<string, any>; amount: number | SQL<unknown> | Placeholder<...>; id?: string | ... 2 more ... | undefined; date?: Date | ... 3 more ... | undefined; description?: string | ... 3 more ... | undefined; supp...'.
  Overload 2 of 2, '(values: { organizationId: string | SQL<unknown> | Placeholder<string, any>; category: string | SQL<unknown> | Placeholder<string, any>; amount: number | SQL<...> | Placeholder<...>; id?: string | ... 2 more ... | undefined; date?: Date | ... 3 more ... | undefined; description?: string | ... 3 more ... | undefined; supplierId?: string | ... 3 more ... | undefined; }[]): PgInsertBase<...>', gave the following error.
    Object literal may only specify known properties, and 'organizationId' does not exist in type '{ organizationId: string | SQL<unknown> | Placeholder<string, any>; category: string | SQL<unknown> | Placeholder<string, any>; amount: number | SQL<unknown> | Placeholder<...>; id?: string | ... 2 more ... | undefined; date?: Date | ... 3 more ... | undefined; description?: string | ... 3 more ... | undefined; supp...'.
server/routes/purchases.ts(185,31): error TS2769: No overload matches this call.
  Overload 1 of 2, '(value: { organizationId: string | SQL<unknown> | Placeholder<string, any>; category: string | SQL<unknown> | Placeholder<string, any>; amount: number | SQL<...> | Placeholder<...>; id?: string | ... 2 more ... | undefined; date?: Date | ... 3 more ... | undefined; description?: string | ... 3 more ... | undefined; supplierId?: string | ... 3 more ... | undefined; }): PgInsertBase<...>', gave the following error.
    Object literal may only specify known properties, and 'type' does not exist in type '{ organizationId: string | SQL<unknown> | Placeholder<string, any>; category: string | SQL<unknown> | Placeholder<string, any>; amount: number | SQL<unknown> | Placeholder<...>; id?: string | ... 2 more ... | undefined; date?: Date | ... 3 more ... | undefined; description?: string | ... 3 more ... | undefined; supp...'.
  Overload 2 of 2, '(values: { organizationId: string | SQL<unknown> | Placeholder<string, any>; category: string | SQL<unknown> | Placeholder<string, any>; amount: number | SQL<...> | Placeholder<...>; id?: string | ... 2 more ... | undefined; date?: Date | ... 3 more ... | undefined; description?: string | ... 3 more ... | undefined; supplierId?: string | ... 3 more ... | undefined; }[]): PgInsertBase<...>', gave the following error.
    Object literal may only specify known properties, and 'organizationId' does not exist in type '{ organizationId: string | SQL<unknown> | Placeholder<string, any>; category: string | SQL<unknown> | Placeholder<string, any>; amount: number | SQL<unknown> | Placeholder<...>; id?: string | ... 2 more ... | undefined; date?: Date | ... 3 more ... | undefined; description?: string | ... 3 more ... | undefined; supp...'.
server/routes/purchases.ts(200,21): error TS2322: Type 'Response<any, Record<string, any>, number>' is not assignable to type 'void'.
server/routes/purchases.ts(207,24): error TS2322: Type 'Response<any, Record<string, any>, number>' is not assignable to type 'void'.
server/routes/purchases.ts(208,53): error TS2322: Type 'Response<any, Record<string, any>, number>' is not assignable to type 'void'.
server/routes/purchases.ts(221,21): error TS2322: Type 'Response<any, Record<string, any>, number>' is not assignable to type 'void'.
server/routes/purchases.ts(230,24): error TS2322: Type 'Response<any, Record<string, any>, number>' is not assignable to type 'void'.
server/routes/purchases.ts(231,48): error TS2322: Type 'Response<any, Record<string, any>, number>' is not assignable to type 'void'.
server/routes/purchases.ts(250,21): error TS2322: Type 'Response<any, Record<string, any>, number>' is not assignable to type 'void'.
server/routes/purchases.ts(256,24): error TS2322: Type 'Response<any, Record<string, any>, number>' is not assignable to type 'void'.
server/routes/purchases.ts(288,21): error TS2322: Type 'Response<any, Record<string, any>, number>' is not assignable to type 'void'.
server/routes/purchases.ts(302,21): error TS2322: Type 'Response<any, Record<string, any>, number>' is not assignable to type 'void'.
server/routes/purchases.ts(305,30): error TS2322: Type 'Response<any, Record<string, any>, number>' is not assignable to type 'void'.
server/routes/purchases.ts(317,21): error TS2322: Type 'Response<any, Record<string, any>, number>' is not assignable to type 'void'.
server/routes/purchases.ts(325,23): error TS2322: Type 'Response<any, Record<string, any>, number>' is not assignable to type 'void'.
server/routes/purchases.ts(336,21): error TS2322: Type 'Response<any, Record<string, any>, number>' is not assignable to type 'void'.
server/routes/sales.ts(22,21): error TS2322: Type 'Response<any, Record<string, any>, number>' is not assignable to type 'void'.
server/routes/sales.ts(26,13): error TS2322: Type 'Response<any, Record<string, any>, number>' is not assignable to type 'void'.
server/routes/sales.ts(98,59): error TS2769: No overload matches this call.
  Overload 1 of 2, '(value: { organizationId: string | SQL<unknown> | Placeholder<string, any>; type: string | SQL<unknown> | Placeholder<string, any>; category: string | SQL<unknown> | Placeholder<...>; ... 7 more ...; referenceId?: string | ... 3 more ... | undefined; }): PgInsertBase<...>', gave the following error.
    Object literal may only specify known properties, and 'date' does not exist in type '{ organizationId: string | SQL<unknown> | Placeholder<string, any>; type: string | SQL<unknown> | Placeholder<string, any>; category: string | SQL<unknown> | Placeholder<...>; ... 7 more ...; referenceId?: string | ... 3 more ... | undefined; }'.
  Overload 2 of 2, '(values: { organizationId: string | SQL<unknown> | Placeholder<string, any>; type: string | SQL<unknown> | Placeholder<string, any>; category: string | SQL<unknown> | Placeholder<...>; ... 7 more ...; referenceId?: string | ... 3 more ... | undefined; }[]): PgInsertBase<...>', gave the following error.
    Object literal may only specify known properties, and 'organizationId' does not exist in type '{ organizationId: string | SQL<unknown> | Placeholder<string, any>; type: string | SQL<unknown> | Placeholder<string, any>; category: string | SQL<unknown> | Placeholder<...>; ... 7 more ...; referenceId?: string | ... 3 more ... | undefined; }[]'.
server/routes/sales.ts(144,21): error TS2322: Type 'Response<any, Record<string, any>, number>' is not assignable to type 'void'.
server/routes/sales.ts(167,21): error TS2322: Type 'Response<any, Record<string, any>, number>' is not assignable to type 'void'.
server/routes/sales.ts(212,13): error TS7034: Variable 'topProducts' implicitly has type 'any[]' in some locations where its type cannot be determined.
server/routes/sales.ts(230,13): error TS7005: Variable 'topProducts' implicitly has an 'any[]' type.
server/routes/sales.ts(246,21): error TS2322: Type 'Response<any, Record<string, any>, number>' is not assignable to type 'void'.
server/routes/sales.ts(251,20): error TS2322: Type 'Response<any, Record<string, any>, number>' is not assignable to type 'void'.
server/routes/sales.ts(252,44): error TS2322: Type 'Response<any, Record<string, any>, number>' is not assignable to type 'void'.
server/routes/sales.ts(265,51): error TS2769: No overload matches this call.
  Overload 1 of 2, '(value: { organizationId: string | SQL<unknown> | Placeholder<string, any>; type: string | SQL<unknown> | Placeholder<string, any>; category: string | SQL<unknown> | Placeholder<...>; ... 7 more ...; referenceId?: string | ... 3 more ... | undefined; }): PgInsertBase<...>', gave the following error.
    Object literal may only specify known properties, and 'date' does not exist in type '{ organizationId: string | SQL<unknown> | Placeholder<string, any>; type: string | SQL<unknown> | Placeholder<string, any>; category: string | SQL<unknown> | Placeholder<...>; ... 7 more ...; referenceId?: string | ... 3 more ... | undefined; }'.
  Overload 2 of 2, '(values: { organizationId: string | SQL<unknown> | Placeholder<string, any>; type: string | SQL<unknown> | Placeholder<string, any>; category: string | SQL<unknown> | Placeholder<...>; ... 7 more ...; referenceId?: string | ... 3 more ... | undefined; }[]): PgInsertBase<...>', gave the following error.
    Object literal may only specify known properties, and 'organizationId' does not exist in type '{ organizationId: string | SQL<unknown> | Placeholder<string, any>; type: string | SQL<unknown> | Placeholder<string, any>; category: string | SQL<unknown> | Placeholder<...>; ... 7 more ...; referenceId?: string | ... 3 more ... | undefined; }[]'.
server/routes/tensors.ts(37,34): error TS2339: Property 'currentStock' does not exist on type 'PgTableWithColumns<{ name: "products"; schema: undefined; columns: { id: PgColumn<{ name: "id"; tableName: "products"; dataType: "string"; columnType: "PgVarchar"; data: string; driverParam: string; notNull: true; hasDefault: true; ... 6 more ...; generated: undefined; }, {}, { ...; }>; ... 11 more ...; createdAt: P...'.
server/routes/tensors.ts(38,36): error TS2551: Property 'minimumStock' does not exist on type 'PgTableWithColumns<{ name: "products"; schema: undefined; columns: { id: PgColumn<{ name: "id"; tableName: "products"; dataType: "string"; columnType: "PgVarchar"; data: string; driverParam: string; notNull: true; hasDefault: true; ... 6 more ...; generated: undefined; }, {}, { ...; }>; ... 11 more ...; createdAt: P...'. Did you mean 'minStock'?
server/seed_operations.ts(44,13): error TS2322: Type '{ id: string; organizationId: string; name: string; unit: string; createdAt: Date | null; category: string; price: number; sku: string | null; productType: string; stock: number; cost: number; minStock: number; isActive: boolean; } | undefined' is not assignable to type '{ id: string; organizationId: string; name: string; unit: string; createdAt: Date | null; category: string; price: number; sku: string | null; productType: string; stock: number; cost: number; minStock: number; isActive: boolean; }'.
  Type 'undefined' is not assignable to type '{ id: string; organizationId: string; name: string; unit: string; createdAt: Date | null; category: string; price: number; sku: string | null; productType: string; stock: number; cost: number; minStock: number; isActive: boolean; }'.
server/seed_operations.ts(61,46): error TS2769: No overload matches this call.
  Overload 1 of 2, '(value: { organizationId: string | SQL<unknown> | Placeholder<string, any>; type: string | SQL<unknown> | Placeholder<string, any>; cost: number | SQL<unknown> | Placeholder<...>; ... 6 more ...; partsUsed?: unknown; }): PgInsertBase<...>', gave the following error.
    Argument of type '{ vehicleId: string; type: string; description: string; mileageIn: number; mileageOut: number; cost: number; partsUsed: any; }' is not assignable to parameter of type '{ organizationId: string | SQL<unknown> | Placeholder<string, any>; type: string | SQL<unknown> | Placeholder<string, any>; cost: number | SQL<unknown> | Placeholder<...>; ... 6 more ...; partsUsed?: unknown; }'.
      Property 'organizationId' is missing in type '{ vehicleId: string; type: string; description: string; mileageIn: number; mileageOut: number; cost: number; partsUsed: any; }' but required in type '{ organizationId: string | SQL<unknown> | Placeholder<string, any>; type: string | SQL<unknown> | Placeholder<string, any>; cost: number | SQL<unknown> | Placeholder<...>; ... 6 more ...; partsUsed?: unknown; }'.
  Overload 2 of 2, '(values: { organizationId: string | SQL<unknown> | Placeholder<string, any>; type: string | SQL<unknown> | Placeholder<string, any>; cost: number | SQL<unknown> | Placeholder<...>; ... 6 more ...; partsUsed?: unknown; }[]): PgInsertBase<...>', gave the following error.
    Object literal may only specify known properties, and 'vehicleId' does not exist in type '{ organizationId: string | SQL<unknown> | Placeholder<string, any>; type: string | SQL<unknown> | Placeholder<string, any>; cost: number | SQL<unknown> | Placeholder<...>; ... 6 more ...; partsUsed?: unknown; }[]'.
server/storage.ts(176,68): error TS2769: No overload matches this call.
  Overload 1 of 2, '(value: { role: string | SQL<unknown> | Placeholder<string, any>; organizationId: string | SQL<unknown> | Placeholder<string, any>; name: string | SQL<unknown> | Placeholder<...>; ... 11 more ...; faceEmbedding?: number[] | ... 3 more ... | undefined; }): PgInsertBase<...>', gave the following error.
    Argument of type '{ role: string; organizationId: string; name: string; id?: string | undefined; email?: string | null | undefined; status?: string | undefined; createdAt?: Date | null | undefined; ... 7 more ...; faceEmbedding?: { ...; } | ... 1 more ... | undefined; }' is not assignable to parameter of type '{ role: string | SQL<unknown> | Placeholder<string, any>; organizationId: string | SQL<unknown> | Placeholder<string, any>; name: string | SQL<unknown> | Placeholder<...>; ... 11 more ...; faceEmbedding?: number[] | ... 3 more ... | undefined; }'.
      Types of property 'faceEmbedding' are incompatible.
        Type '{ [x: number]: number; length: number; toString: () => string; toLocaleString: { (): string; (locales: string | string[], options?: (NumberFormatOptions & DateTimeFormatOptions) | undefined): string; }; ... 37 more ...; readonly [Symbol.unscopables]: { ...; }; } | null | undefined' is not assignable to type 'number[] | SQL<unknown> | Placeholder<string, any> | null | undefined'.
          Type '{ [x: number]: number; length: number; toString: () => string; toLocaleString: { (): string; (locales: string | string[], options?: (NumberFormatOptions & DateTimeFormatOptions) | undefined): string; }; ... 37 more ...; readonly [Symbol.unscopables]: { ...; }; }' is not assignable to type 'number[] | SQL<unknown> | Placeholder<string, any> | null | undefined'.
            Type '{ [x: number]: number; length: number; toString: () => string; toLocaleString: { (): string; (locales: string | string[], options?: (NumberFormatOptions & DateTimeFormatOptions) | undefined): string; }; ... 37 more ...; readonly [Symbol.unscopables]: { ...; }; }' is not assignable to type 'number[]'.
              The types returned by 'pop()' are incompatible between these types.
                Type 'unknown' is not assignable to type 'number | undefined'.
  Overload 2 of 2, '(values: { role: string | SQL<unknown> | Placeholder<string, any>; organizationId: string | SQL<unknown> | Placeholder<string, any>; name: string | SQL<unknown> | Placeholder<...>; ... 11 more ...; faceEmbedding?: number[] | ... 3 more ... | undefined; }[]): PgInsertBase<...>', gave the following error.
    Argument of type '{ role: string; organizationId: string; name: string; id?: string | undefined; email?: string | null | undefined; status?: string | undefined; createdAt?: Date | null | undefined; ... 7 more ...; faceEmbedding?: { ...; } | ... 1 more ... | undefined; }' is not assignable to parameter of type '{ role: string | SQL<unknown> | Placeholder<string, any>; organizationId: string | SQL<unknown> | Placeholder<string, any>; name: string | SQL<unknown> | Placeholder<...>; ... 11 more ...; faceEmbedding?: number[] | ... 3 more ... | undefined; }[]'.
      Type '{ role: string; organizationId: string; name: string; id?: string | undefined; email?: string | null | undefined; status?: string | undefined; createdAt?: Date | null | undefined; ... 7 more ...; faceEmbedding?: { ...; } | ... 1 more ... | undefined; }' is missing the following properties from type '{ role: string | SQL<unknown> | Placeholder<string, any>; organizationId: string | SQL<unknown> | Placeholder<string, any>; name: string | SQL<unknown> | Placeholder<...>; ... 11 more ...; faceEmbedding?: number[] | ... 3 more ... | undefined; }[]': length, pop, push, concat, and 35 more.
server/storage.ts(198,12): error TS2345: Argument of type 'Partial<{ role: string; organizationId: string; name: string; id?: string | undefined; email?: string | null | undefined; status?: string | undefined; createdAt?: Date | null | undefined; ... 7 more ...; faceEmbedding?: { ...; } | ... 1 more ... | undefined; }>' is not assignable to parameter of type '{ role?: string | SQL<unknown> | PgColumn<ColumnBaseConfig<ColumnDataType, string>, {}, {}> | undefined; organizationId?: string | SQL<...> | PgColumn<...> | undefined; ... 12 more ...; faceEmbedding?: number[] | ... 3 more ... | undefined; }'.
  Types of property 'faceEmbedding' are incompatible.
    Type '{ [x: number]: number; length: number; toString: () => string; toLocaleString: { (): string; (locales: string | string[], options?: (NumberFormatOptions & DateTimeFormatOptions) | undefined): string; }; ... 37 more ...; readonly [Symbol.unscopables]: { ...; }; } | null | undefined' is not assignable to type 'number[] | SQL<unknown> | PgColumn<ColumnBaseConfig<ColumnDataType, string>, {}, {}> | null | undefined'.
      Type '{ [x: number]: number; length: number; toString: () => string; toLocaleString: { (): string; (locales: string | string[], options?: (NumberFormatOptions & DateTimeFormatOptions) | undefined): string; }; ... 37 more ...; readonly [Symbol.unscopables]: { ...; }; }' is not assignable to type 'number[] | SQL<unknown> | PgColumn<ColumnBaseConfig<ColumnDataType, string>, {}, {}> | null | undefined'.
        Type '{ [x: number]: number; length: number; toString: () => string; toLocaleString: { (): string; (locales: string | string[], options?: (NumberFormatOptions & DateTimeFormatOptions) | undefined): string; }; ... 37 more ...; readonly [Symbol.unscopables]: { ...; }; }' is not assignable to type 'number[]'.
          The types returned by 'pop()' are incompatible between these types.
            Type 'unknown' is not assignable to type 'number | undefined'.
shared/core/schema.ts(181,5): error TS2578: Unused '@ts-expect-error' directive.
shared/modules/hr/schema.ts(23,5): error TS2578: Unused '@ts-expect-error' directive.
